MO SpriteAddressGen NULL ../../verilog_files/fpganes-master/fpganes-master/src/ppu.v vlg63/_sprite_address_gen.bin 1447201662
MO BgPainter NULL ../../verilog_files/fpganes-master/fpganes-master/src/ppu.v vlg50/_bg_painter.bin 1447201662
MO ClockGen NULL ../../verilog_files/fpganes-master/fpganes-master/src/ppu.v vlg56/_clock_gen.bin 1447201662
MO SpriteSet NULL ../../verilog_files/fpganes-master/fpganes-master/src/ppu.v vlg6F/_sprite_set.bin 1447201662
MO PixelMuxer NULL ../../verilog_files/fpganes-master/fpganes-master/src/ppu.v vlg1B/_pixel_muxer.bin 1447201662
MO LoopyGen NULL ../../verilog_files/fpganes-master/fpganes-master/src/ppu.v vlg19/_loopy_gen.bin 1447201662
MO PaletteRam NULL ../../verilog_files/fpganes-master/fpganes-master/src/ppu.v vlg37/_palette_ram.bin 1447201662
MO Sprite NULL ../../verilog_files/fpganes-master/fpganes-master/src/ppu.v vlg33/_sprite.bin 1447201662
MO PPU NULL ../../verilog_files/fpganes-master/fpganes-master/src/ppu.v vlg35/_p_p_u.bin 1447201662
MO SpriteRAM NULL ../../verilog_files/fpganes-master/fpganes-master/src/ppu.v vlg7B/_sprite_r_a_m.bin 1447201662
