#-----------------------------------------------------------
# PlanAhead v14.7 (64-bit)
# Build 321239 by xbuild on Fri Sep 27 19:29:51 MDT 2013
# Start of session at: Tue Nov 17 16:59:28 2015
# Process ID: 8920
# Log file: C:/NESBoy/fpga_nes/program_test/planAhead_run_2/planAhead.log
# Journal file: C:/NESBoy/fpga_nes/program_test/planAhead_run_2/planAhead.jou
#-----------------------------------------------------------
start_gui
source C:/NESBoy/fpga_nes/program_test/pa.fromHdl.tcl
update_compile_order -fileset sim_1
set_property iostandard LVCMOS25 [get_ports [list {sel[2]} {sel[1]} {sel[0]}]]
set_property package_pin "" [get_ports [list  {sel[1]}]]
startgroup
set_property package_pin F12 [get_ports {sel[0]}]
endgroup
set_property package_pin "" [get_ports [list  {sel[1]}]]
startgroup
set_property package_pin G12 [get_ports {sel[1]}]
endgroup
startgroup
set_property package_pin H14 [get_ports {sel[2]}]
endgroup
startgroup
set_property package_pin K12 [get_ports {y[0]}]
endgroup
startgroup
set_property package_pin P11 [get_ports {y[7]}]
endgroup
startgroup
set_property package_pin P12 [get_ports {y[6]}]
endgroup
startgroup
set_property package_pin N12 [get_ports {y[5]}]
endgroup
startgroup
set_property package_pin P13 [get_ports {y[4]}]
endgroup
startgroup
set_property package_pin N14 [get_ports {y[3]}]
endgroup
startgroup
set_property package_pin L12 [get_ports {y[2]}]
endgroup
startgroup
set_property package_pin P14 [get_ports {y[1]}]
endgroup
save_constraints
