MO Mac NULL ../../verilog_files/fpganes-master/fpganes-master/src/dsp.v vlg4D/_mac.bin 1447690330
MO clk_wiz_v3_6 NULL ../../verilog_files/fpganes-master/fpganes-master/src/clk_wiz_v3_6.v vlg30/clk__wiz__v3__6.bin 1447690581
MO FirFilter NULL ../../verilog_files/fpganes-master/fpganes-master/src/dsp.v vlg4F/_fir_filter.bin 1447690331
MO Add24 NULL ../../verilog_files/fpganes-master/fpganes-master/src/dsp.v vlg77/_add24.bin 1447690330
